BL51 BANKED LINKER/LOCATER V6.22                                                        02/11/2026  16:47:09  PAGE 1


BL51 BANKED LINKER/LOCATER V6.22, INVOKED BY:
D:\KEIL5\K\C51\BIN\BL51.EXE .\Objects\main.obj TO .\Objects\PWMºôÎüµÆ PRINT (.\Listings\PWMºôÎüµÆ.m51) RAMSIZE (256)


MEMORY MODEL: SMALL


INPUT MODULES INCLUDED:
  .\Objects\main.obj (MAIN)
  D:\KEIL5\K\C51\LIB\C51S.LIB (?C_STARTUP)


LINK MAP OF MODULE:  .\Objects\PWMºôÎüµÆ (MAIN)


            TYPE    BASE      LENGTH    RELOCATION   SEGMENT NAME
            -----------------------------------------------------

            * * * * * * *   D A T A   M E M O R Y   * * * * * * *
            REG     0000H     0008H     ABSOLUTE     "REG BANK 0"
            IDATA   0008H     0001H     UNIT         ?STACK

            * * * * * * *   C O D E   M E M O R Y   * * * * * * *
            CODE    0000H     0003H     ABSOLUTE     
            CODE    0003H     0023H     UNIT         ?PR?MAIN?MAIN
            CODE    0026H     0015H     UNIT         ?PR?_D?MAIN
            CODE    003BH     000CH     UNIT         ?C_C51STARTUP



OVERLAY MAP OF MODULE:   .\Objects\PWMºôÎüµÆ (MAIN)


SEGMENT
  +--> CALLED SEGMENT
---------------------
?C_C51STARTUP
  +--> ?PR?MAIN?MAIN

?PR?MAIN?MAIN
  +--> ?PR?_D?MAIN



SYMBOL TABLE OF MODULE:  .\Objects\PWMºôÎüµÆ (MAIN)

  VALUE           TYPE          NAME
  ----------------------------------

  -------         MODULE        MAIN
  C:0000H         SYMBOL        _ICE_DUMMY_
  D:00A0H         PUBLIC        P2
  C:0003H         PUBLIC        main
  B:00A0H.0       PUBLIC        LED
  C:0034H         PUBLIC        _d
  -------         PROC          L?0019
  -------         ENDPROC       L?0019
  -------         PROC          _D
BL51 BANKED LINKER/LOCATER V6.22                                                      02/11/2026  16:47:09  PAGE 2


  D:0007H         SYMBOL        t
  C:0034H         LINE#         5
  C:0034H         LINE#         6
  C:0034H         LINE#         7
  C:003AH         LINE#         8
  -------         ENDPROC       _D
  -------         PROC          MAIN
  -------         DO            
  D:0004H         SYMBOL        time
  D:0005H         SYMBOL        i
  -------         ENDDO         
  C:0003H         LINE#         10
  C:0003H         LINE#         11
  C:0003H         LINE#         13
  C:0003H         LINE#         14
  C:0003H         LINE#         15
  C:0005H         LINE#         16
  C:0005H         LINE#         17
  C:0007H         LINE#         18
  C:0007H         LINE#         19
  C:0007H         LINE#         20
  C:0007H         LINE#         21
  C:0007H         LINE#         22
  C:000AH         LINE#         23
  C:000EH         LINE#         25
  C:0012H         LINE#         26
  C:001AH         LINE#         27
  C:001AH         LINE#         28
  C:001CH         LINE#         29
  C:001CH         LINE#         30
  C:001CH         LINE#         31
  C:001CH         LINE#         32
  C:001CH         LINE#         33
  C:001FH         LINE#         34
  C:0023H         LINE#         36
  -------         ENDPROC       MAIN
  -------         ENDMOD        MAIN

Program Size: data=9.0 xdata=0 code=71
LINK/LOCATE RUN COMPLETE.  0 WARNING(S),  0 ERROR(S)
