C51 COMPILER V9.54   MAIN                                                                  12/21/2025 23:44:43 PAGE 1   


C51 COMPILER V9.54, COMPILATION OF MODULE MAIN
OBJECT MODULE PLACED IN .\Objects\main.obj
COMPILER INVOKED BY: D:\keil5\k\C51\BIN\C51.EXE main.c OPTIMIZE(8,SPEED) BROWSE DEBUG OBJECTEXTEND PRINT(.\Listings\main
                    -.lst) TABS(2) OBJECT(.\Objects\main.obj)

line level    source

   1          #include <REGX51.H>
   2          #include <INTRINS.H>
   3          
   4          unsigned char seg_code[] = {0x3F, 0x06, 0x5B, 0x4F, 0x66, 0x6D, 0x7D, 0x07, 0x7F, 0x6F};
   5          
   6          void Delay(unsigned int a)  
   7          {
   8   1        unsigned char i,j;
   9   1      
  10   1        while(a)
  11   1        {
  12   2          _nop_();
  13   2          i = 4;
  14   2          j = 239;
  15   2          do
  16   2          {
  17   3            while(--j);
  18   3          }while(--i);
  19   2          a--;
  20   2        }
  21   1      }
  22          
  23          void nixie(unsigned char a,b)
  24          {
  25   1        //确定8位数码的显示位置。
  26   1        a = 8-a;
  27   1        P2_2 = a % 2;
  28   1        a = a / 2;
  29   1        P2_3 = a % 2;
  30   1        a = a / 2;
  31   1        P2_4 = a % 2;
  32   1        a = a / 2;
  33   1        //确定8位数码的显示数字。
  34   1        P0 = seg_code[b];
  35   1        //在显示多位数字时进行消影操作
  36   1        Delay(1);
  37   1        P0 = 0x00;
  38   1      }
  39          
  40          void main()
  41          {
  42   1        unsigned int a;
  43   1        while(1)
  44   1        {
  45   2          //对矩阵键盘逐列扫描。判断每一列的按钮有没有被按下。
  46   2          P1 = 0xff;
  47   2          P1_3 = 0;
  48   2          if(P1_7 == 0){Delay(20);while(P1_7 ==0);Delay(20);a = 1;}
  49   2          if(P1_6 == 0){Delay(20);while(P1_6 ==0);Delay(20);a = 5;}
  50   2          if(P1_5 == 0){Delay(20);while(P1_5 ==0);Delay(20);a = 9;}
  51   2          if(P1_4 == 0){Delay(20);while(P1_4 ==0);Delay(20);a = 13;}
  52   2          P1 = 0xff;
  53   2          P1_2 = 0;
  54   2          if(P1_7 == 0){Delay(20);while(P1_7 ==0);Delay(20);a = 2;}
C51 COMPILER V9.54   MAIN                                                                  12/21/2025 23:44:43 PAGE 2   

  55   2          if(P1_6 == 0){Delay(20);while(P1_6 ==0);Delay(20);a = 6;}
  56   2          if(P1_5 == 0){Delay(20);while(P1_5 ==0);Delay(20);a = 10;}
  57   2          if(P1_4 == 0){Delay(20);while(P1_4 ==0);Delay(20);a = 14;}
  58   2          P1 = 0xff;
  59   2          P1_1 = 0;
  60   2          if(P1_7 == 0){Delay(20);while(P1_7 ==0);Delay(20);a = 3;}
  61   2          if(P1_6 == 0){Delay(20);while(P1_6 ==0);Delay(20);a = 7;}
  62   2          if(P1_5 == 0){Delay(20);while(P1_5 ==0);Delay(20);a = 11;}
  63   2          if(P1_4 == 0){Delay(20);while(P1_4 ==0);Delay(20);a = 15;}
  64   2          P1 = 0xff;
  65   2          P1_0 = 0;
  66   2          if(P1_7 == 0){Delay(20);while(P1_7 ==0);Delay(20);a = 4;}
  67   2          if(P1_6 == 0){Delay(20);while(P1_6 ==0);Delay(20);a = 8;}
  68   2          if(P1_5 == 0){Delay(20);while(P1_5 ==0);Delay(20);a = 12;}
  69   2          if(P1_4 == 0){Delay(20);while(P1_4 ==0);Delay(20);a = 16;}
  70   2          
  71   2          //对按下的数字进行显示从1到16。
  72   2          if(a<10)
  73   2            nixie(1,a);
  74   2          else
  75   2          {
  76   3            nixie(1,1);
  77   3            Delay(2);
  78   3            nixie(2,a%10);
  79   3            Delay(2);
  80   3          }
  81   2        }
  82   1      }


MODULE INFORMATION:   STATIC OVERLAYABLE
   CODE SIZE        =    391    ----
   CONSTANT SIZE    =   ----    ----
   XDATA SIZE       =   ----    ----
   PDATA SIZE       =   ----    ----
   DATA SIZE        =     10    ----
   IDATA SIZE       =   ----    ----
   BIT SIZE         =   ----    ----
END OF MODULE INFORMATION.


C51 COMPILATION COMPLETE.  0 WARNING(S),  0 ERROR(S)
